2026-08-18 02:35:21.531: [INFO] CurrentProfilePath: C:\Users\KHBS_D_09\Desktop\workspace_JSP\.metadata\.plugins\org.eclipse.swt\EBWebView\Default
2026-08-18 02:35:21.531: [INFO] Profiles total count: 1
2026-08-18 02:35:21.531: [INFO] Profile: name=프로필 1 path=C:\Users\KHBS_D_09\Desktop\workspace_JSP\.metadata\.plugins\org.eclipse.swt\EBWebView\Default lastActive=null
2026-08-18 02:35:21.531: [INFO] LastUsedProfileDir: C:\Users\KHBS_D_09\Desktop\workspace_JSP\.metadata\.plugins\org.eclipse.swt\EBWebView\Default
2026-08-18 02:35:21.531: [INFO] OnDoneLoading sync enabled: 0
2026-08-18 02:35:21.531: [INFO] BookmarkModelLoaded, ids_reassigned: 0
2026-08-18 02:35:21.531: [INFO] BookmarksLoadDropped droppedNodes=0
2026-08-18 02:35:21.531: [INFO] BookmarksSnapshot Startup total=0 bar=0 other=0 mobile=0 showBar=0 showBarNTP=1
2026-08-18 02:36:10.103: [INFO] BookmarksSnapshot Shutdown total=0 bar=0 other=0 mobile=0 showBar=0 showBarNTP=1
2026-08-18 05:47:54.987: [INFO] CurrentProfilePath: C:\Users\KHBS_D_09\Desktop\workspace_jsp\.metadata\.plugins\org.eclipse.swt\EBWebView\Default
2026-08-18 05:47:54.987: [INFO] Profiles total count: 1
2026-08-18 05:47:54.987: [INFO] Profile: name=프로필 1 path=C:\Users\KHBS_D_09\Desktop\workspace_jsp\.metadata\.plugins\org.eclipse.swt\EBWebView\Default lastActive=2026-08-18T02:36:08.374Z
2026-08-18 05:47:54.987: [INFO] LastUsedProfileDir: C:\Users\KHBS_D_09\Desktop\workspace_jsp\.metadata\.plugins\org.eclipse.swt\EBWebView\Default
2026-08-18 05:47:54.988: [INFO] MostRecentlyActiveProfile: name=프로필 1 path=C:\Users\KHBS_D_09\Desktop\workspace_jsp\.metadata\.plugins\org.eclipse.swt\EBWebView\Default lastActive=2026-08-18T02:36:08.374Z
2026-08-18 05:47:54.988: [INFO] OnDoneLoading sync enabled: 0
2026-08-18 05:47:54.988: [INFO] BookmarkModelLoaded, ids_reassigned: 0
2026-08-18 05:47:54.988: [INFO] BookmarksLoadDropped droppedNodes=0
2026-08-18 05:47:54.988: [INFO] BookmarksSnapshot Startup total=0 bar=0 other=0 mobile=0 showBar=0 showBarNTP=1
2026-08-18 05:47:55.087: [INFO] BookmarksSnapshot Shutdown total=0 bar=0 other=0 mobile=0 showBar=0 showBarNTP=1
2026-08-18 07:06:11.067: [INFO] CurrentProfilePath: C:\Users\KHBS_D_09\Desktop\workspace_jsp\.metadata\.plugins\org.eclipse.swt\EBWebView\Default
2026-08-18 07:06:11.067: [INFO] Profiles total count: 1
2026-08-18 07:06:11.067: [INFO] Profile: name=프로필 1 path=C:\Users\KHBS_D_09\Desktop\workspace_jsp\.metadata\.plugins\org.eclipse.swt\EBWebView\Default lastActive=2026-08-18T02:36:08.374Z
2026-08-18 07:06:11.068: [INFO] LastUsedProfileDir: C:\Users\KHBS_D_09\Desktop\workspace_jsp\.metadata\.plugins\org.eclipse.swt\EBWebView\Default
2026-08-18 07:06:11.068: [INFO] MostRecentlyActiveProfile: name=프로필 1 path=C:\Users\KHBS_D_09\Desktop\workspace_jsp\.metadata\.plugins\org.eclipse.swt\EBWebView\Default lastActive=2026-08-18T02:36:08.374Z
2026-08-18 07:06:11.068: [INFO] OnDoneLoading sync enabled: 0
2026-08-18 07:06:11.068: [INFO] BookmarkModelLoaded, ids_reassigned: 0
2026-08-18 07:06:11.068: [INFO] BookmarksLoadDropped droppedNodes=0
2026-08-18 07:06:11.068: [INFO] BookmarksSnapshot Startup total=0 bar=0 other=0 mobile=0 showBar=0 showBarNTP=1
2026-08-18 07:06:16.986: [INFO] BookmarksSnapshot Shutdown total=0 bar=0 other=0 mobile=0 showBar=0 showBarNTP=1
2026-08-18 07:19:52.685: [INFO] CurrentProfilePath: C:\Users\KHBS_D_09\Desktop\workspace_jsp\.metadata\.plugins\org.eclipse.swt\EBWebView\Default
2026-08-18 07:19:52.685: [INFO] Profiles total count: 1
2026-08-18 07:19:52.686: [INFO] Profile: name=프로필 1 path=C:\Users\KHBS_D_09\Desktop\workspace_jsp\.metadata\.plugins\org.eclipse.swt\EBWebView\Default lastActive=2026-08-18T02:36:08.374Z
2026-08-18 07:19:52.686: [INFO] LastUsedProfileDir: C:\Users\KHBS_D_09\Desktop\workspace_jsp\.metadata\.plugins\org.eclipse.swt\EBWebView\Default
2026-08-18 07:19:52.686: [INFO] MostRecentlyActiveProfile: name=프로필 1 path=C:\Users\KHBS_D_09\Desktop\workspace_jsp\.metadata\.plugins\org.eclipse.swt\EBWebView\Default lastActive=2026-08-18T02:36:08.374Z
2026-08-18 07:19:52.686: [INFO] OnDoneLoading sync enabled: 0
2026-08-18 07:19:52.686: [INFO] BookmarkModelLoaded, ids_reassigned: 0
2026-08-18 07:19:52.686: [INFO] BookmarksLoadDropped droppedNodes=0
2026-08-18 07:19:52.686: [INFO] BookmarksSnapshot Startup total=0 bar=0 other=0 mobile=0 showBar=0 showBarNTP=1
2026-08-18 07:19:59.360: [INFO] BookmarksSnapshot Shutdown total=0 bar=0 other=0 mobile=0 showBar=0 showBarNTP=1
2026-08-18 07:20:18.827: [INFO] CurrentProfilePath: C:\Users\KHBS_D_09\Desktop\workspace_jsp\.metadata\.plugins\org.eclipse.swt\EBWebView\Default
2026-08-18 07:20:18.827: [INFO] Profiles total count: 1
2026-08-18 07:20:18.828: [INFO] Profile: name=프로필 1 path=C:\Users\KHBS_D_09\Desktop\workspace_jsp\.metadata\.plugins\org.eclipse.swt\EBWebView\Default lastActive=2026-08-18T02:36:08.374Z
2026-08-18 07:20:18.828: [INFO] LastUsedProfileDir: C:\Users\KHBS_D_09\Desktop\workspace_jsp\.metadata\.plugins\org.eclipse.swt\EBWebView\Default
2026-08-18 07:20:18.828: [INFO] MostRecentlyActiveProfile: name=프로필 1 path=C:\Users\KHBS_D_09\Desktop\workspace_jsp\.metadata\.plugins\org.eclipse.swt\EBWebView\Default lastActive=2026-08-18T02:36:08.374Z
2026-08-18 07:20:18.828: [INFO] OnDoneLoading sync enabled: 0
2026-08-18 07:20:18.828: [INFO] BookmarkModelLoaded, ids_reassigned: 0
2026-08-18 07:20:18.828: [INFO] BookmarksLoadDropped droppedNodes=0
2026-08-18 07:20:18.828: [INFO] BookmarksSnapshot Startup total=0 bar=0 other=0 mobile=0 showBar=0 showBarNTP=1
2026-08-18 07:20:22.413: [INFO] BookmarksSnapshot Shutdown total=0 bar=0 other=0 mobile=0 showBar=0 showBarNTP=1
2026-08-18 07:20:41.768: [INFO] CurrentProfilePath: C:\Users\KHBS_D_09\Desktop\workspace_jsp\.metadata\.plugins\org.eclipse.swt\EBWebView\Default
2026-08-18 07:20:41.768: [INFO] Profiles total count: 1
2026-08-18 07:20:41.768: [INFO] Profile: name=프로필 1 path=C:\Users\KHBS_D_09\Desktop\workspace_jsp\.metadata\.plugins\org.eclipse.swt\EBWebView\Default lastActive=2026-08-18T02:36:08.374Z
2026-08-18 07:20:41.768: [INFO] LastUsedProfileDir: C:\Users\KHBS_D_09\Desktop\workspace_jsp\.metadata\.plugins\org.eclipse.swt\EBWebView\Default
2026-08-18 07:20:41.768: [INFO] MostRecentlyActiveProfile: name=프로필 1 path=C:\Users\KHBS_D_09\Desktop\workspace_jsp\.metadata\.plugins\org.eclipse.swt\EBWebView\Default lastActive=2026-08-18T02:36:08.374Z
2026-08-18 07:20:41.768: [INFO] OnDoneLoading sync enabled: 0
2026-08-18 07:20:41.768: [INFO] BookmarkModelLoaded, ids_reassigned: 0
2026-08-18 07:20:41.768: [INFO] BookmarksLoadDropped droppedNodes=0
2026-08-18 07:20:41.768: [INFO] BookmarksSnapshot Startup total=0 bar=0 other=0 mobile=0 showBar=0 showBarNTP=1
2026-08-18 07:20:45.206: [INFO] BookmarksSnapshot Shutdown total=0 bar=0 other=0 mobile=0 showBar=0 showBarNTP=1
2026-08-18 07:23:31.321: [INFO] CurrentProfilePath: C:\Users\KHBS_D_09\Desktop\workspace_jsp\.metadata\.plugins\org.eclipse.swt\EBWebView\Default
2026-08-18 07:23:31.321: [INFO] Profiles total count: 1
2026-08-18 07:23:31.321: [INFO] Profile: name=프로필 1 path=C:\Users\KHBS_D_09\Desktop\workspace_jsp\.metadata\.plugins\org.eclipse.swt\EBWebView\Default lastActive=2026-08-18T02:36:08.374Z
2026-08-18 07:23:31.321: [INFO] LastUsedProfileDir: C:\Users\KHBS_D_09\Desktop\workspace_jsp\.metadata\.plugins\org.eclipse.swt\EBWebView\Default
2026-08-18 07:23:31.321: [INFO] MostRecentlyActiveProfile: name=프로필 1 path=C:\Users\KHBS_D_09\Desktop\workspace_jsp\.metadata\.plugins\org.eclipse.swt\EBWebView\Default lastActive=2026-08-18T02:36:08.374Z
2026-08-18 07:23:31.321: [INFO] OnDoneLoading sync enabled: 0
2026-08-18 07:23:31.321: [INFO] BookmarkModelLoaded, ids_reassigned: 0
2026-08-18 07:23:31.321: [INFO] BookmarksLoadDropped droppedNodes=0
2026-08-18 07:23:31.321: [INFO] BookmarksSnapshot Startup total=0 bar=0 other=0 mobile=0 showBar=0 showBarNTP=1
2026-08-18 07:23:31.412: [INFO] BookmarksSnapshot Shutdown total=0 bar=0 other=0 mobile=0 showBar=0 showBarNTP=1
2026-08-18 07:24:10.027: [INFO] CurrentProfilePath: C:\Users\KHBS_D_09\Desktop\workspace_jsp\.metadata\.plugins\org.eclipse.swt\EBWebView\Default
2026-08-18 07:24:10.027: [INFO] Profiles total count: 1
2026-08-18 07:24:10.027: [INFO] Profile: name=프로필 1 path=C:\Users\KHBS_D_09\Desktop\workspace_jsp\.metadata\.plugins\org.eclipse.swt\EBWebView\Default lastActive=2026-08-18T02:36:08.374Z
2026-08-18 07:24:10.027: [INFO] LastUsedProfileDir: C:\Users\KHBS_D_09\Desktop\workspace_jsp\.metadata\.plugins\org.eclipse.swt\EBWebView\Default
2026-08-18 07:24:10.027: [INFO] MostRecentlyActiveProfile: name=프로필 1 path=C:\Users\KHBS_D_09\Desktop\workspace_jsp\.metadata\.plugins\org.eclipse.swt\EBWebView\Default lastActive=2026-08-18T02:36:08.374Z
2026-08-18 07:24:10.027: [INFO] OnDoneLoading sync enabled: 0
2026-08-18 07:24:10.027: [INFO] BookmarkModelLoaded, ids_reassigned: 0
2026-08-18 07:24:10.027: [INFO] BookmarksLoadDropped droppedNodes=0
2026-08-18 07:24:10.027: [INFO] BookmarksSnapshot Startup total=0 bar=0 other=0 mobile=0 showBar=0 showBarNTP=1
